// Jest Snapshot v1, https://goo.gl/fbAQLP

exports[`@accessitech/i18n-react-select Mounts without crashing 1`] = `
<div>
  <div
    class="selector-container"
  >
    <select
      aria-label="Language Selection"
      class="language-select form-select"
    >
      <option
        class="language-select-option"
        selected=""
        value="en"
      >
        En
      </option>
    </select>
  </div>
</div>
`;
